Serbien	SRB
Republik Irland	IRL
Norwegen	NOR
Wales	WAL
England	ENG
Paraguay	PAR
Bahamas	BAH
Vatikanstadt	VAT
Heard und McDonaldinseln	HMD
Niederlande	NED
Montserrat	MSR
Mali	MLI
Guadeloupe	GLP
Panama	PAN
Kosovo[3][4]	XKX
Kenia	KEN
Laos	LAO
Katar	QAT
Seychellen	SEY
Syrien	SYR
Belize	BLZ
Bahrain	BHR
Brasilien	BRA
Jamaika	JAM
Namibia	NAM
Sao Tome e Principe	STP
Eritrea	ERI
Puerto Rico	PRI
Rumänien	ROU
Trinidad und Tobago	TRI
Aruba	ARU
Mazedonien FYR	MKD
Griechenland	GRE
Deutschland	DEU
Madagaskar	MAD
Malawi	MWI
Andorra	AND
Wallis und Futuna	WLF
Liechtenstein	LIE
Kirgisistan	KGZ
Kanada	CAN
Spanien	ESP
Aserbeidschan	AZE
Bangladesch	BGD
Tuvalu	TUV
Bolivien	BOL
Dänemark	DEN
Russland	RUS
SalomonInseln	SOL
Mikronesien	FSM
Mayotte	MYT
Israel	ISR
San Marino	SMR
Albanien	ALB
Kambodscha	KHM
Indien	IND
Weihnachtsinsel	CXR
Kroatien	CRO
Gibraltar	GIB
Neu Kaledonien	NCL
Malaysia	MAS
CaymanInseln	CAY
Südafrika	RSA
Oman	OMA
Swasiland	SWZ
Serbien und Montenegro	SCG
Kolumbien	COL
Mongolei	MGL
Marshallinseln	MHL
Ecuador	ECU
Vereinigtes Königreich Großbritannien und Nordirland	GBR
Zypern	CYP
Britische Jungferninseln	VGB
Slowakei	SVK
Österreich	AUT
Jordanien	JOR
Türkei	TUR
Estland	EST
Vanuatu	VAN
United States Minor Outlying Islands	UMI
Guinea Bissau	GNB
Armenien	ARM
Honduras	HON
Schweden	SWE
Schottland	SCO
Nauru	NRU
Zentralafrikanische Republik	CAF
Haiti	HAI
Afghanistan	AFG
Burundi	BDI
Kasachstan	KAZ
Litauen	LTU
Myanmar (Burma)	MMR
Ruanda	RWA
St. Lucia	LCA
Südgeorgien und die Südlichen Sandwichinseln	SGS
Jemen	YEM
Martinique	MTQ
Philippinen	PHL
Mexiko	MEX
Bhutan	BTN
Togo	TOG
Grönland	GRL
Moldawien	MDA
Französisch-Polynesien	PYF
Westsahara	ESH
Malediven	MDV
Montenegro	MNE
Svalbard und Jan Mayen	SJM
Dominica	DMA
Tschechische Rep.	CZE
Benin	BEN
Tunesien	TUN
Angola	ANG
(Sonderstatus durch Antarktis-Vertrag)	ATA
Sudan	SUD
Amerikanisch Samoa	ASA
Brunei Darussalam	BRN
Polen	POL
Portugal	POR
Grenada	GRN
Irak	IRQ
Iran	IRN
Kamerun	CMR
CookInseln	COK
Guatemala	GUA
Guyana	GUY
Chile	CHI
Nepal	NPL
Belgien	BEL
Pitcairninseln	PCN
Ukraine	UKR
Dominikanische Republik	DOM
Ghana	GHA
Anguilla	AIA
Island	ISL
VR China	CHN
Niederländische Ant.	ANT
Bermuda	BER
Peru	PER
Turkmenistan	TKM
Turks und CaicosInseln	TCA
Marokko	MAR
Tansania	TZA
Tokelau	TKL
Guinea	GUI
Saudiarabien	KSA
Argentinien	ARG
Somalia	SOM
Thailand	THA
Kiribati	KIR
Costa Rica	CRC
ÄquatorialGuinea	EQG
Neuseeland	NZL
BosnienHerzegowina	BIH
Mosambik	MOZ
Vietnam	VIE
Chinese Taipei	TPE
Gabun	GAB
Kuwait	KUW
Nigeria	NGA
Guayana	GUF
Falklandinseln	FLK
Tadschikistan	TJK
USA	USA
Sri Lanka	SRI
Uruguay	URU
Fidschi	FIJ
Kuba	CUB
Bulgarien	BUL
Samoa	SAM
Liberia	LBR
Venezuela	VEN
Lettland	LVA
Saint-Pierre und Miquelon	SPM
Burkina Faso	BFA
Palau	PLW
Italien	ITA
Ägypten	EGY
Ungarn	HUN
Hongkong	HKG
Kongo	CGO
Niue	NIU
Republik Korea	KOR
St. Helena	SHN
Frankreich	FRA
El Salvador	SLV
Monaco	MCO
Antigua und Barbuda	ATG
Guam	GUM
St. Vincent/Grenadinen	VIN
Lesotho	LES
Tahiti	TAH
Tonga	TGA
Korea DVR	PRK
Elfenbeinküste	CIV
Komoren	COM
Réunion	REU
Japan	JPN
Nördliche Marianen	MNP
Libanon	LIB
Belarus	BLR
Mauritius	MRI
Britisches Territorium im Indischen Ozean	IOT
Luxemburg	LUX
Äthiopien	ETH
Osttimor (Timor-Leste)	TLS (TMP[2])
St. Kitts and Nevis	SKN
Senegal	SEN
Kokosinseln	CCK
Finnland	FIN
Simbabwe	ZIM
Mauretanien	MTN
Tschad	CHA
Nordirland	NIR
Kap Verde	CPV
US Virgin Islands	VIR
Kongo DR	COD
Palästina	PAL
Georgien	GEO
Singapur	SIN
V. Arabische Emirate	UAE
Macau	MAC
Sierra Leone	SLE
Malta	MLT
Usbekistan	UZB
Färöer Inseln	FRO
Pakistan	PAK
Gambia	GAM
Dschibuti	DJI
PapuaNeuguinea	PNG
Indonesien	IDN
Algerien	ALG
Slowenien	SVN
Niger	NER
Norfolkinsel	NFK
Schweiz	SUI
Australien	AUS
Barbados	BRB
Nicaragua	NCA
Botswana	BOT
Sambia	ZAM
Uganda	UGA
Suriname	SUR
Libyen	LBY