Papua New Guinea	PNG
Cambodia	KHM
Wales	WAL
England	ENG
Kazakhstan	KAZ
Paraguay	PAR
Åland Islands	ALA
Syria	SYR
Bahamas	BAH
Solomon Islands	SOL
Montserrat	MSR
Mali	MLI
Marshall Islands	MHL
Guadeloupe	GLP
Panama	PAN
Bonaire, Sint Eustatius and Saba	BES
Laos	LAO
Argentina	ARG
Seychelles	SEY
Belize	BLZ
Zambia	ZAM
Bahrain	BHR
Congo	CGO
Namibia	NAM
Comoros	COM
Faroe Islands	FRO
Finland	FIN
Sao Tome e Principe	STP
Netherlands Antilles	ANT
BosniaHerzegovina	BIH
Georgia	GEO
Yemen	YEM
Eritrea	ERI
Puerto Rico	PRI
Korea DPR	PRK
Aruba	ARU
Madagascar	MAD
Libya	LBY
South Georgia and the South Sandwich Islands	SGS
Sweden	SWE
Cocos (Keeling) Islands	CCK
Malawi	MWI
Andorra	AND
Liechtenstein	LIE
Poland	POL
Bulgaria	BUL
Jordan	JOR
Tunisia	TUN
Wallis and Futuna Islands	WLF
Korea Republic	KOR
Tuvalu	TUV
United Arab Emirates	UAE
Kenya	KEN
French Polynesia	PYF
Djibouti	DJI
Lebanon	LIB
Azerbaijan	AZE
Cuba	CUB
Czech Republic	CZE
Saint Martin (French Part)	MAF
Mauritania	MTN
Guernsey	GGY
Mayotte	MYT
Israel	ISR
San Marino	SMR
Australia	AUS
Tajikistan	TJK
Myanmar	MMR
Cameroon	CMR
Gibraltar	GIB
Cyprus	CYP
Surinam	SUR
Northern Mariana Islands	MNP
Malaysia	MAS
Iceland	ISL
Oman	OMA
Armenia	ARM
Gabon	GAB
Luxembourg	LUX
Brazil	BRA
Turks and Caicos Islands	TCA
Algeria	ALG
Jersey	JEY
Slovenia	SVN
Antigua and Barbuda	ATG
Colombia	COL
Ecuador	ECU
Moldova	MDA
Vanuatu	VAN
United States Minor Outlying Islands	UMI
Honduras	HON
Italy	ITA
Antarctica	ATA
Nauru	NRU
Haiti	HAI
Afghanistan	AFG
Burundi	BDI
Singapore	SIN
French Guiana	GUF
GuineaBissau	GNB
St. Lucia	LCA
American Samoa	ASA
Christmas Island	CXR
Scotland	SCO
Ireland Republic	IRL
Russia	RUS
Netherlands	NED
Cote dIvoire	CIV
Martinique	MTQ
Saint Pierre and Miquelon	SPM
Kyrgyzstan	KGZ
Bhutan	BTN
Romania	ROU
Falkland Islands (Malvinas)	FLK
Togo	TOG
Philippines	PHL
Uzbekistan	UZB
Pitcairn	PCN
British Virgin Islands	VGB
Zimbabwe	ZIM
British Indian Ocean Territory	IOT
Montenegro	MNE
Dominica	DMA
Indonesia	IDN
Benin	BEN
Angola	ANG
Sudan	SUD
Brunei Darussalam	BRN
Portugal	POR
New Caledonia	NCL
Grenada	GRN
Cayman Islands	CAY
Greece	GRE
Latvia	LVA
Mongolia	MGL
Iran	IRN
Morocco	MAR
Guatemala	GUA
Guyana	GUY
Iraq	IRQ
Chile	CHI
Nepal	NPL
Heard Island and McDonald Islands	HMD
Isle of Man	IMN
Ukraine	UKR
Tanzania	TZA
Curaçao	CUW
Ghana	GHA
Holy See	VAT
Anguilla	AIA
Northern Ireland	NIR
India	IND
Canada	CAN
Maldives	MDV
Turkey	TUR
Belgium	BEL
South Africa	RSA
Trinidad and Tobago	TRI
Bermuda	BER
Central African Republic	CAF
Jamaica	JAM
Peru	PER
Turkmenistan	TKM
Germany	DEU
Fiji	FIJ
Tokelau	TKL
Hong Kong	HKG
Guinea	GUI
Chad	CHA
Somalia	SOM
Thailand	THA
United Kingdom of Great Britain and Northern Ireland	GBR
Equatorial Guinea	EQG
Kiribati	KIR
Costa Rica	CRC
Vietnam	VIE
China PR	CHN
Chinese Taipei	TPE
Kuwait	KUW
Nigeria	NGA
Croatia	CRO
USA	USA
Cook Islands	COK
Sri Lanka	SRI
Uruguay	URU
Timor-Leste	TLS
Switzerland	SUI
Samoa	SAM
Spain	ESP
Palestine	PAL
Liberia	LBR
Venezuela	VEN
Burkina Faso	BFA
Swaziland	SWZ
St. Vincent / Grenadines	VIN
Palau	PLW
Saint Barthélemy	BLM
Estonia	EST
Macedonia FYR	MKD
Niue	NIU
Austria	AUT
Mozambique	MOZ
El Salvador	SLV
Monaco	MCO
Guam	GUM
Tahiti	TAH
Lesotho	LES
Tonga	TGA
Western Sahara	ESH
Hungary	HUN
Réunion	REU
South Sudan	SSD
Japan	JPN
Belarus	BLR
Mauritius	MRI
Bouvet Island	BVT
Albania	ALB
Norfolk Island	NFK
New Zealand	NZL
St. Kitts and Nevis	SKN
Sint Maarten (Dutch part)	SXM
Senegal	SEN
Micronesia (Federated States of)	FSM
Svalbard and Jan Mayen Islands	SJM
Ethiopia	ETH
US Virgin Islands	VIR
Egypt	EGY
Macau	MAC
Sierra Leone	SLE
Bolivia	BOL
Malta	MLT
Saudi Arabia	KSA
Pakistan	PAK
Gambia	GAM
Qatar	QAT
Serbia and Montenegro	SCG
Slovakia	SVK
France	FRA
Lithuania	LTU
Serbia	SRB
Cape Verde Islands	CPV
Niger	NER
Rwanda	RWA
French Southern Territories	ATF
Congo DR	COD
Bangladesh	BGD
Barbados	BRB
Nicaragua	NCA
Norway	NOR
Botswana	BOT
Denmark	DEN
Dominican Republic	DOM
Mexico	MEX
Uganda	UGA
Greenland	GRL
Saint Helena	SHN